// Jest Snapshot v1, https://goo.gl/fbAQLP

exports[`EmissionsList renders correctly if no emissions 1`] = `
<RCTScrollView
  ListFooterComponent={[Function]}
  data={Array []}
  disableVirtualization={false}
  getItem={[Function]}
  getItemCount={[Function]}
  horizontal={false}
  initialNumToRender={10}
  keyExtractor={[Function]}
  maxToRenderPerBatch={10}
  onContentSizeChange={[Function]}
  onEndReachedThreshold={2}
  onLayout={[Function]}
  onMomentumScrollEnd={[Function]}
  onScroll={[Function]}
  onScrollBeginDrag={[Function]}
  onScrollEndDrag={[Function]}
  renderItem={[Function]}
  renderSectionHeader={[Function]}
  scrollEventThrottle={50}
  sections={Array []}
  stickyHeaderIndices={Array []}
  stickySectionHeadersEnabled={true}
  updateCellsBatchingPeriod={50}
  windowSize={21}
>
  <View>
    <View
      onLayout={[Function]}
    >
      <View
        style={
          Object {
            "height": 100,
          }
        }
      />
    </View>
  </View>
</RCTScrollView>
`;
