// Jest Snapshot v1, https://goo.gl/fbAQLP

exports[`renders correctly TabbedView 1`] = `
<RCTScrollView
  ListFooterComponent={[Function]}
  ListHeaderComponent={[Function]}
  data={Array []}
  disableVirtualization={false}
  getItem={[Function]}
  getItemCount={[Function]}
  horizontal={false}
  initialNumToRender={10}
  keyExtractor={[Function]}
  maxToRenderPerBatch={10}
  numColumns={1}
  onContentSizeChange={[Function]}
  onEndReachedThreshold={2}
  onLayout={[Function]}
  onMomentumScrollEnd={[Function]}
  onScroll={[Function]}
  onScrollBeginDrag={[Function]}
  onScrollEndDrag={[Function]}
  removeClippedSubviews={false}
  renderItem={[Function]}
  scrollEventThrottle={50}
  stickyHeaderIndices={Array []}
  updateCellsBatchingPeriod={50}
  viewabilityConfigCallbackPairs={Array []}
  windowSize={21}
>
  <View>
    <View
      onLayout={[Function]}
    >
      <Text.H3
        style={
          Object {
            "paddingBottom": 16,
            "paddingTop": 28,
            "textAlign": "center",
          }
        }
      >
        Foo
      </Text.H3>
    </View>
    <View
      onLayout={[Function]}
    >
      <Button.Secondary
        onPress={[Function]}
        style={
          Object {
            "alignSelf": "center",
            "marginTop": 14,
          }
        }
        textType="Secondary"
      >
        <Text.Secondary
          bold={true}
          center={true}
          green={true}
        >
          See All
        </Text.Secondary>
      </Button.Secondary>
    </View>
  </View>
</RCTScrollView>
`;
