// Jest Snapshot v1, https://goo.gl/fbAQLP

exports[`renders correctly NoEmission 1`] = `
<View
  style={
    Object {
      "flex": 1,
      "paddingHorizontal": 14,
    }
  }
>
  <View
    style={
      Object {
        "flex": 1,
        "height": "100%",
        "width": "100%",
      }
    }
  >
    <Image
      resizeMode="contain"
      source={1}
      style={
        Object {
          "height": 650,
          "width": "100%",
        }
      }
    />
  </View>
  <View
    style={
      Object {
        "alignItems": "center",
        "flex": 1,
      }
    }
  >
    <Text.H1
      style={
        Object {
          "paddingVertical": 20,
        }
      }
    >
      Hi there ðŸ‘‹
    </Text.H1>
    <Text.Primary
      style={
        Object {
          "paddingVertical": 10,
          "textAlign": "center",
        }
      }
    >
      Thanks for joining the fight to save our beautiful planet!
    </Text.Primary>
    <Text.Primary
      style={
        Object {
          "paddingVertical": 10,
          "textAlign": "center",
        }
      }
    >
      To start tracking your CO2 emissions, tap the button below
    </Text.Primary>
    <Button.Secondary
      onPress={[Function]}
      style={
        Object {
          "marginTop": 20,
        }
      }
      textType="Primary"
    >
      <Text.Primary
        bold={true}
        green={true}
      >
        Add my first emission
      </Text.Primary>
    </Button.Secondary>
  </View>
</View>
`;
