// Jest Snapshot v1, https://goo.gl/fbAQLP

exports[`renders correctly full width Primary Button with Primary font 1`] = `
<Ionicons
  name="md-information-circle"
  onPress={[Function]}
  size={26}
  style={
    Object {
      "color": "#111714",
      "marginRight": 10,
    }
  }
/>
`;
