// Jest Snapshot v1, https://goo.gl/fbAQLP

exports[`<MonthlyEmissions /> render 1`] = `
<View
  style={
    Object {
      "backgroundColor": "#FFFFFF",
      "flex": 1,
      "paddingHorizontal": 14,
      "paddingTop": 22,
    }
  }
>
  <Text />
</View>
`;
