// Jest Snapshot v1, https://goo.gl/fbAQLP

exports[`SectionHeader should render when co2value equals 0 1`] = `
<View
  style={
    Object {
      "backgroundColor": "#FFFFFF",
      "borderBottomColor": "#DCF0E5",
      "borderBottomWidth": 2,
      "elevation": 0,
      "flexDirection": "row",
      "justifyContent": "space-between",
      "paddingHorizontal": 16,
      "paddingVertical": 16,
      "shadowColor": "transparent",
      "shadowOffset": Object {
        "height": 0,
        "width": 0,
      },
      "shadowRadius": 0,
    }
  }
>
  <Text.Primary
    bold={true}
    darkGray={true}
    style={
      Object {
        "textTransform": "capitalize",
      }
    }
  >
    December 2020
  </Text.Primary>
  <TouchableOpacity
    onPress={[Function]}
  >
    <Text.Secondary
      blue={true}
      style={
        Object {
          "textTransform": "capitalize",
        }
      }
    >
      More Info
    </Text.Secondary>
  </TouchableOpacity>
</View>
`;

exports[`SectionHeader should render when monthlyCarbonBudget and co2value equals 0 1`] = `
<View
  style={
    Object {
      "backgroundColor": "#FFFFFF",
      "borderBottomColor": "#DCF0E5",
      "borderBottomWidth": 2,
      "elevation": 0,
      "flexDirection": "row",
      "justifyContent": "space-between",
      "paddingHorizontal": 16,
      "paddingVertical": 16,
      "shadowColor": "transparent",
      "shadowOffset": Object {
        "height": 0,
        "width": 0,
      },
      "shadowRadius": 0,
    }
  }
>
  <Text.Primary
    bold={true}
    darkGray={true}
    style={
      Object {
        "textTransform": "capitalize",
      }
    }
  >
    December 2020
  </Text.Primary>
  <TouchableOpacity
    onPress={[Function]}
  >
    <Text.Secondary
      blue={true}
      style={
        Object {
          "textTransform": "capitalize",
        }
      }
    >
      More Info
    </Text.Secondary>
  </TouchableOpacity>
</View>
`;

exports[`SectionHeader should render when monthlyCarbonBudget equals 0 1`] = `
<View
  style={
    Object {
      "backgroundColor": "#FFFFFF",
      "borderBottomColor": "#DCF0E5",
      "borderBottomWidth": 2,
      "elevation": 0,
      "flexDirection": "row",
      "justifyContent": "space-between",
      "paddingHorizontal": 16,
      "paddingVertical": 16,
      "shadowColor": "transparent",
      "shadowOffset": Object {
        "height": 0,
        "width": 0,
      },
      "shadowRadius": 0,
    }
  }
>
  <Text.Primary
    bold={true}
    darkGray={true}
    style={
      Object {
        "textTransform": "capitalize",
      }
    }
  >
    December 2020
  </Text.Primary>
  <TouchableOpacity
    onPress={[Function]}
  >
    <Text.Secondary
      blue={true}
      style={
        Object {
          "textTransform": "capitalize",
        }
      }
    >
      More Info
    </Text.Secondary>
  </TouchableOpacity>
</View>
`;

exports[`SectionHeader should render when user has budget below 1% 1`] = `
<View
  style={
    Object {
      "backgroundColor": "#FFFFFF",
      "borderBottomColor": "#DCF0E5",
      "borderBottomWidth": 2,
      "elevation": 0,
      "flexDirection": "row",
      "justifyContent": "space-between",
      "paddingHorizontal": 16,
      "paddingVertical": 16,
      "shadowColor": "transparent",
      "shadowOffset": Object {
        "height": 0,
        "width": 0,
      },
      "shadowRadius": 0,
    }
  }
>
  <Text.Primary
    bold={true}
    darkGray={true}
    style={
      Object {
        "textTransform": "capitalize",
      }
    }
  >
    December 2020
  </Text.Primary>
  <TouchableOpacity
    onPress={[Function]}
  >
    <Text.Secondary
      blue={true}
      style={
        Object {
          "textTransform": "capitalize",
        }
      }
    >
      More Info
    </Text.Secondary>
  </TouchableOpacity>
</View>
`;

exports[`SectionHeader should render when user is below budget 1`] = `
<View
  style={
    Object {
      "backgroundColor": "#FFFFFF",
      "borderBottomColor": "#DCF0E5",
      "borderBottomWidth": 2,
      "elevation": 0,
      "flexDirection": "row",
      "justifyContent": "space-between",
      "paddingHorizontal": 16,
      "paddingVertical": 16,
      "shadowColor": "transparent",
      "shadowOffset": Object {
        "height": 0,
        "width": 0,
      },
      "shadowRadius": 0,
    }
  }
>
  <Text.Primary
    bold={true}
    darkGray={true}
    style={
      Object {
        "textTransform": "capitalize",
      }
    }
  >
    December 2020
  </Text.Primary>
  <TouchableOpacity
    onPress={[Function]}
  >
    <Text.Secondary
      blue={true}
      style={
        Object {
          "textTransform": "capitalize",
        }
      }
    >
      More Info
    </Text.Secondary>
  </TouchableOpacity>
</View>
`;

exports[`SectionHeader should render when user is over budget 1`] = `
<View
  style={
    Object {
      "backgroundColor": "#FFFFFF",
      "borderBottomColor": "#DCF0E5",
      "borderBottomWidth": 2,
      "elevation": 0,
      "flexDirection": "row",
      "justifyContent": "space-between",
      "paddingHorizontal": 16,
      "paddingVertical": 16,
      "shadowColor": "transparent",
      "shadowOffset": Object {
        "height": 0,
        "width": 0,
      },
      "shadowRadius": 0,
    }
  }
>
  <Text.Primary
    bold={true}
    darkGray={true}
    style={
      Object {
        "textTransform": "capitalize",
      }
    }
  >
    December 2020
  </Text.Primary>
  <TouchableOpacity
    onPress={[Function]}
  >
    <Text.Secondary
      blue={true}
      style={
        Object {
          "textTransform": "capitalize",
        }
      }
    >
      More Info
    </Text.Secondary>
  </TouchableOpacity>
</View>
`;
