// Jest Snapshot v1, https://goo.gl/fbAQLP

exports[`MonthlyBudgetScreen renders correctly 1`] = `
<View
  style={
    Object {
      "flex": 1,
      "paddingHorizontal": 14,
    }
  }
>
  <RCTScrollView>
    <View>
      <View
        style={
          Object {
            "flexDirection": "row",
            "flexWrap": "wrap",
            "paddingTop": 26,
          }
        }
      >
        <Text.Primary
          bold={true}
        >
          My carbon monthly budget : 
        </Text.Primary>
        <Text.Primary
          lightGray={true}
        >
          500 kg
        </Text.Primary>
      </View>
      <RCTSlider
        disabled={false}
        enabled={true}
        maximumTrackTintColor="#CED4DA"
        maximumValue={1000}
        minimumTrackTintColor="#4BB377"
        minimumValue={0}
        onChange={null}
        onResponderTerminationRequest={[Function]}
        onSlidingComplete={[Function]}
        onStartShouldSetResponder={[Function]}
        onValueChange={null}
        step={0}
        style={
          Array [
            Object {
              "height": 40,
            },
            Object {
              "marginTop": 14,
            },
          ]
        }
        thumbTintColor="#4BB377"
        value={500}
      />
      <View
        style={
          Object {
            "flex": 1,
            "marginVertical": 20,
          }
        }
      >
        <View
          style={
            Object {
              "flex": 1,
              "marginBottom": 8,
            }
          }
        >
          <Text.Primary
            bold={true}
          >
            CO2 emissions per capita per month 
            <Ionicons
              color="#4BB377"
              name="md-information-circle"
              onPress={[Function]}
              size={26}
            />
          </Text.Primary>
        </View>
        <Text.Secondary
          style={
            Object {
              "marginBottom": 6,
            }
          }
        >
          Luxembourg : 3.5 tons
        </Text.Secondary>
        <Text.Secondary
          style={
            Object {
              "marginBottom": 6,
            }
          }
        >
          United States : 1,5 tons
        </Text.Secondary>
        <Text.Secondary
          style={
            Object {
              "marginBottom": 6,
            }
          }
        >
          Japan : 900 kg
        </Text.Secondary>
        <Text.Secondary
          style={
            Object {
              "marginBottom": 6,
            }
          }
        >
          Sweden : 595 kg
        </Text.Secondary>
        <Text.Secondary
          style={
            Object {
              "marginBottom": 6,
            }
          }
        >
          France : 575 kg
        </Text.Secondary>
        <Text.Secondary
          style={
            Object {
              "marginBottom": 6,
            }
          }
        >
          China : 522 kg
        </Text.Secondary>
        <Text.Secondary
          style={
            Object {
              "marginBottom": 6,
            }
          }
        >
          Brazil : 208 kg
        </Text.Secondary>
        <Text.Secondary
          style={
            Object {
              "marginBottom": 6,
            }
          }
        >
          India : 139 kg
        </Text.Secondary>
        <Text.Secondary
          style={
            Object {
              "marginBottom": 6,
            }
          }
        >
          Ethiopia : 8.3 kg
        </Text.Secondary>
      </View>
    </View>
  </RCTScrollView>
  <View
    style={
      Object {
        "bottom": 20,
        "left": 14,
        "position": "absolute",
        "right": 14,
      }
    }
  >
    <Button.Primary
      onPress={[Function]}
      textType="Primary"
    >
      <Text.Primary
        bold={true}
        center={true}
        white={true}
      >
        Save
      </Text.Primary>
    </Button.Primary>
  </View>
</View>
`;
