// Jest Snapshot v1, https://goo.gl/fbAQLP

exports[`AddEmissionScreen renders correctly 1`] = `
<FormattedProvider
  locale="en"
>
  <RCTScrollView
    automaticallyAdjustContentInsets={false}
    contentInset={
      Object {
        "bottom": 0,
      }
    }
    enableAutomaticScroll={true}
    enableOnAndroid={false}
    enableResetScrollToCoords={true}
    extraHeight={75}
    extraScrollHeight={0}
    getScrollResponder={[Function]}
    handleOnScroll={[Function]}
    keyboardDismissMode="interactive"
    keyboardOpeningTime={250}
    keyboardSpace={0}
    onScroll={[Function]}
    resetKeyboardSpace={[Function]}
    scrollEventThrottle={1}
    scrollForExtraHeightOnAndroid={[Function]}
    scrollIntoView={[Function]}
    scrollToEnd={[Function]}
    scrollToFocusedInput={[Function]}
    scrollToPosition={[Function]}
    showsVerticalScrollIndicator={true}
    style={
      Object {
        "alignContent": "flex-start",
        "backgroundColor": "#FFFFFF",
        "flex": 1,
      }
    }
    update={[Function]}
    viewIsInsideTabBar={false}
  >
    <View>
      <View
        style={
          Object {
            "height": 16,
          }
        }
      />
      <TextInput
        isOptional={true}
        onChangeText={[Function]}
        placeholder="e.g burger, flight from Paris to Romeâ€¦"
        title="Name this emission "
        value=""
      />
      <Modal
        animationType="none"
        hardwareAccelerated={false}
        transparent={true}
        visible={false}
      >
        <View
          accessible={true}
          focusable={true}
          onClick={[Function]}
          onResponderGrant={[Function]}
          onResponderMove={[Function]}
          onResponderRelease={[Function]}
          onResponderTerminate={[Function]}
          onResponderTerminationRequest={[Function]}
          onStartShouldSetResponder={[Function]}
          style={
            Object {
              "backgroundColor": "black",
              "bottom": 0,
              "height": 1334,
              "left": 0,
              "opacity": 0,
              "position": "absolute",
              "right": 0,
              "top": 0,
              "width": 750,
            }
          }
        />
      </Modal>
      <View
        style={
          Object {
            "backgroundColor": "#FFFFFF",
            "flex": 1,
            "paddingHorizontal": 16,
            "paddingVertical": 12,
          }
        }
      >
        <Text.H3>
          Date
        </Text.H3>
        <View
          style={
            Object {
              "flexDirection": "column",
              "paddingTop": 4,
            }
          }
        >
          <TouchableOpacity
            onPress={[Function]}
            style={
              Object {
                "flexDirection": "row",
              }
            }
          >
            <Text.Primary
              lightGray={true}
            >
              Sunday 7th April 2019
            </Text.Primary>
            <Text.Primary
              lightGray={true}
            >
               - 
            </Text.Primary>
            <Text.Primary
              bold={true}
              green={true}
            >
              Change
            </Text.Primary>
          </TouchableOpacity>
        </View>
      </View>
      <Button.Primary
        onPress={[Function]}
        style={
          Object {
            "margin": 16,
          }
        }
        textType="Primary"
      >
        <Text.Primary
          bold={true}
          center={true}
          white={true}
        >
          Add this emission
        </Text.Primary>
      </Button.Primary>
    </View>
  </RCTScrollView>
</FormattedProvider>
`;
